===== 2026-10-09 22:00:08Z =====
Signal update (UTC bar 2026-10-09 15:00:00+00:00)
Paper equity: 100,000.00 USDT

Target weights (fraction of equity):
  perp BTC    +4.43%
  perp TRX    +2.85%
  perp LTC    +2.08%
  perp LINK   +2.00%
  perp ADA    +1.78%
  perp BCH    +1.58%
  perp AVAX   +1.58%
  perp BNB    +1.36%
  perp ETH    +1.11%
  perp SOL    +0.91%
  perp DOGE   +0.75%
  perp XRP    +0.74%
  perp DOT    +0.53%

Sleeve trend:
  perp BTC    +8.86%
  perp TRX    +5.69%
  perp LTC    +4.16%
  perp LINK   +4.00%
  perp ADA    +3.57%
  perp BCH    +3.16%
  perp AVAX   +3.16%
  perp BNB    +2.71%
  perp ETH    +2.22%
  perp SOL    +1.83%
  perp DOGE   +1.50%
  perp XRP    +1.48%
  perp DOT    +1.06%

Sleeve carry:
  (flat)

Changes vs current paper positions:
  perp ADA    +0.00% -> +1.78%
  perp AVAX   +0.00% -> +1.58%
  perp BCH    +0.00% -> +1.58%
  perp BNB    +0.00% -> +1.36%
  perp BTC    +0.00% -> +4.43%
  perp DOGE   +0.00% -> +0.75%
  perp DOT    +0.00% -> +0.53%
  perp ETH    +0.00% -> +1.11%
  perp LINK   +0.00% -> +2.00%
  perp LTC    +0.00% -> +2.08%
  perp SOL    +0.00% -> +0.91%
  perp TRX    +0.00% -> +2.85%
  perp XRP    +0.00% -> +0.74%

Risk notes:
  - drawdown from peak 0.00%
  - filled 0 order(s) at next-bar open; funding +0.00

Paper trading only. This is not financial advice; past performance (simulated or real) is not indicative of future results. Crypto is highly volatile; you can lose all capital.
===== 2026-10-09 23:02:01Z =====
Signal update (UTC bar 2026-10-09 16:00:00+00:00)
Paper equity: 100,012.41 USDT

Target weights (fraction of equity):
  perp BTC    +4.43%
  perp TRX    +2.85%
  perp LTC    +2.08%
  perp LINK   +2.00%
  perp ADA    +1.78%
  perp BCH    +1.58%
  perp AVAX   +1.58%
  perp BNB    +1.36%
  perp ETH    +1.11%
  perp SOL    +0.91%
  perp DOGE   +0.75%
  perp XRP    +0.74%
  perp DOT    +0.53%

Sleeve trend:
  perp BTC    +8.86%
  perp TRX    +5.69%
  perp LTC    +4.16%
  perp LINK   +4.00%
  perp ADA    +3.57%
  perp BCH    +3.16%
  perp AVAX   +3.16%
  perp BNB    +2.71%
  perp ETH    +2.22%
  perp SOL    +1.83%
  perp DOGE   +1.50%
  perp XRP    +1.48%
  perp DOT    +1.06%

Sleeve carry:
  (flat)

Changes vs current paper positions:
  perp DOT    +0.54% -> +0.53%

Risk notes:
  - drawdown from peak 0.00%
  - filled 0 order(s) at next-bar open; funding +0.00

Paper trading only. This is not financial advice; past performance (simulated or real) is not indicative of future results. Crypto is highly volatile; you can lose all capital.
